2026/09/02 17:33:08 Starting server on port 8080...
2026/09/02 17:33:20 [pop-os/GW5lC2Ujwe-000001] "POST http://localhost:8080/api/v1/attendance/punch HTTP/1.1" from [::1]:35810 - 201 57B in 10.114605ms
2026/09/02 17:33:26 [pop-os/GW5lC2Ujwe-000002] "GET http://localhost:8080/api/v1/attendance/dashboard-metrics HTTP/1.1" from [::1]:47642 - 200 608B in 3.402215ms
2026/09/02 17:33:38 [pop-os/GW5lC2Ujwe-000003] "GET http://localhost:8080/api/v1/attendance/monthly-summary?month=2026-09 HTTP/1.1" from [::1]:45808 - 200 10541B in 1.877948ms
2026/09/02 17:38:25 [pop-os/GW5lC2Ujwe-000006] "GET http://localhost:8080/api/v1/reports/dashboard HTTP/1.1" from [::1]:52416 - 200 612B in 199.85µs
2026/09/02 17:38:25 [pop-os/GW5lC2Ujwe-000005] "GET http://localhost:8080/api/v1/workflow/notifications HTTP/1.1" from [::1]:52422 - 200 768B in 240.866µs
2026/09/02 17:38:25 [pop-os/GW5lC2Ujwe-000004] "GET http://localhost:8080/api/v1/attendance/punch-status HTTP/1.1" from [::1]:52412 - 200 147B in 804.581µs
2026/09/02 17:38:25 [pop-os/GW5lC2Ujwe-000007] "GET http://localhost:8080/api/v1/attendance/punch-status HTTP/1.1" from [::1]:52432 - 200 147B in 314.533µs
2026/09/02 17:38:33 [pop-os/GW5lC2Ujwe-000008] "GET http://localhost:8080/api/v1/attendance/punch-status HTTP/1.1" from [::1]:53684 - 200 147B in 424.601µs
2026/09/02 17:38:33 [pop-os/GW5lC2Ujwe-000009] "GET http://localhost:8080/api/v1/reports/dashboard HTTP/1.1" from [::1]:53694 - 200 612B in 61.008µs
2026/09/02 17:38:33 [pop-os/GW5lC2Ujwe-000010] "GET http://localhost:8080/api/v1/workflow/notifications HTTP/1.1" from [::1]:53696 - 200 768B in 60.6µs
2026/09/02 17:38:33 [pop-os/GW5lC2Ujwe-000011] "GET http://localhost:8080/api/v1/attendance/punch-status HTTP/1.1" from [::1]:53706 - 200 147B in 206.095µs
2026/09/02 17:38:37 [pop-os/GW5lC2Ujwe-000012] "POST http://localhost:8080/api/v1/auth/logout HTTP/1.1" from [::1]:53718 - 200 40B in 134.251µs
2026/09/02 17:38:42 [pop-os/GW5lC2Ujwe-000013] "POST http://localhost:8080/api/v1/auth/login HTTP/1.1" from [::1]:53732 - 200 449B in 44.607425ms
2026/09/02 17:38:42 [pop-os/GW5lC2Ujwe-000015] "GET http://localhost:8080/api/v1/reports/dashboard HTTP/1.1" from [::1]:53754 - 200 612B in 56.783µs
2026/09/02 17:38:42 [pop-os/GW5lC2Ujwe-000016] "GET http://localhost:8080/api/v1/workflow/notifications HTTP/1.1" from [::1]:53766 - 200 768B in 83.601µs
2026/09/02 17:38:42 [pop-os/GW5lC2Ujwe-000014] "GET http://localhost:8080/api/v1/attendance/punch-status HTTP/1.1" from [::1]:53746 - 200 147B in 293.564µs
2026/09/02 17:38:42 [pop-os/GW5lC2Ujwe-000017] "GET http://localhost:8080/api/v1/attendance/punch-status HTTP/1.1" from [::1]:53780 - 200 147B in 303.759µs
2026/09/02 17:38:46 [pop-os/GW5lC2Ujwe-000018] "POST http://localhost:8080/api/v1/attendance/punch HTTP/1.1" from [::1]:60140 - 201 57B in 4.151774ms
2026/09/02 17:38:49 [pop-os/GW5lC2Ujwe-000019] "GET http://localhost:8080/api/v1/workflow/universal-approvals HTTP/1.1" from [::1]:60156 - 200 1458B in 4.996541ms
2026/09/02 17:38:50 [pop-os/GW5lC2Ujwe-000020] "GET http://localhost:8080/api/v1/workflow/hr-tasks HTTP/1.1" from [::1]:60164 - 200 798B in 124.673µs
2026/09/02 17:38:52 [pop-os/GW5lC2Ujwe-000022] "GET http://localhost:8080/api/v1/employees/stats HTTP/1.1" from [::1]:60186 - 200 103B in 4.037295ms
2026/09/02 17:38:52 [pop-os/GW5lC2Ujwe-000021] "GET http://localhost:8080/api/v1/employees?page=1&limit=10&sort_order=DESC HTTP/1.1" from [::1]:60174 - 200 5208B in 4.46271ms
2026/09/02 17:38:52 [pop-os/GW5lC2Ujwe-000023] "GET http://localhost:8080/api/v1/attendance/daily?page=1&limit=10&sort_order=DESC&date=2026-09-02 HTTP/1.1" from [::1]:60198 - 200 132B in 1.003435ms
2026/09/02 17:38:52 [pop-os/GW5lC2Ujwe-000024] "GET http://localhost:8080/api/v1/attendance/dashboard-metrics HTTP/1.1" from [::1]:60202 - 200 608B in 1.112458ms
2026/09/02 17:38:53 [pop-os/GW5lC2Ujwe-000025] "GET http://localhost:8080/api/v1/employees/stats HTTP/1.1" from [::1]:33818 - 200 103B in 702.04µs
2026/09/02 17:38:53 [pop-os/GW5lC2Ujwe-000026] "GET http://localhost:8080/api/v1/employees?page=1&limit=10&sort_order=DESC HTTP/1.1" from [::1]:33806 - 200 5208B in 2.736188ms
2026/09/02 17:38:56 [pop-os/GW5lC2Ujwe-000027] "GET http://localhost:8080/api/v1/employees?page=6&limit=10&sort_order=DESC HTTP/1.1" from [::1]:33834 - 200 5762B in 3.28772ms
2026/09/02 17:39:00 [pop-os/GW5lC2Ujwe-000028] "GET http://localhost:8080/api/v1/workflow/hr-tasks HTTP/1.1" from [::1]:33844 - 200 798B in 89.16µs
2026/09/02 17:39:01 [pop-os/GW5lC2Ujwe-000030] "GET http://localhost:8080/api/v1/attendance/daily?page=1&limit=10&sort_order=DESC&date=2026-09-02 HTTP/1.1" from [::1]:33868 - 200 132B in 529.178µs
2026/09/02 17:39:01 [pop-os/GW5lC2Ujwe-000029] "GET http://localhost:8080/api/v1/attendance/dashboard-metrics HTTP/1.1" from [::1]:33856 - 200 608B in 2.059457ms
2026/09/02 17:39:03 [pop-os/GW5lC2Ujwe-000031] "GET http://localhost:8080/api/v1/attendance/activities HTTP/1.1" from [::1]:33872 - 200 545B in 3.384581ms
2026/09/02 17:39:12 [pop-os/GW5lC2Ujwe-000032] "GET http://localhost:8080/api/v1/attendance/monthly-summary HTTP/1.1" from [::1]:39196 - 200 10541B in 1.838411ms
2026/09/02 17:39:29 [pop-os/GW5lC2Ujwe-000033] "GET http://localhost:8080/api/v1/attendance/validation-queue?validation_status=TO_VALIDATE HTTP/1.1" from [::1]:55282 - 200 919B in 1.420731ms
2026/09/02 17:39:36 [pop-os/GW5lC2Ujwe-000034] "POST http://localhost:8080/api/v1/attendance/validate-batch HTTP/1.1" from [::1]:48018 - 200 125B in 4.845378ms
2026/09/02 17:39:36 [pop-os/GW5lC2Ujwe-000035] "GET http://localhost:8080/api/v1/attendance/validation-queue?validation_status=TO_VALIDATE HTTP/1.1" from [::1]:48024 - 200 524B in 931.579µs
2026/09/02 17:39:36 [pop-os/GW5lC2Ujwe-000036] "GET http://localhost:8080/api/v1/attendance/daily?page=1&limit=10&sort_order=DESC&date=2026-09-02 HTTP/1.1" from [::1]:48032 - 200 132B in 1.851257ms
2026/09/02 17:39:39 [pop-os/GW5lC2Ujwe-000037] "POST http://localhost:8080/api/v1/attendance/validate-batch HTTP/1.1" from [::1]:48040 - 200 125B in 5.978733ms
2026/09/02 17:39:39 [pop-os/GW5lC2Ujwe-000039] "GET http://localhost:8080/api/v1/attendance/daily?page=1&limit=10&sort_order=DESC&date=2026-09-02 HTTP/1.1" from [::1]:48056 - 200 132B in 1.040245ms
2026/09/02 17:39:39 [pop-os/GW5lC2Ujwe-000038] "GET http://localhost:8080/api/v1/attendance/validation-queue?validation_status=TO_VALIDATE HTTP/1.1" from [::1]:48046 - 200 132B in 1.166278ms
2026/09/02 17:39:40 [pop-os/GW5lC2Ujwe-000040] "GET http://localhost:8080/api/v1/attendance/validation-queue?validation_status=OT_PENDING HTTP/1.1" from [::1]:48070 - 200 132B in 2.209854ms
2026/09/02 17:39:41 [pop-os/GW5lC2Ujwe-000041] "GET http://localhost:8080/api/v1/attendance/validation-queue?validation_status=VALIDATED HTTP/1.1" from [::1]:48074 - 200 2162B in 1.332746ms
2026/09/02 17:39:44 [pop-os/GW5lC2Ujwe-000043] "GET http://localhost:8080/api/v1/workflow/notifications HTTP/1.1" from [::1]:58078 - 200 768B in 74.451µs
2026/09/02 17:39:44 [pop-os/GW5lC2Ujwe-000042] "GET http://localhost:8080/api/v1/attendance/punch-status HTTP/1.1" from [::1]:58068 - 200 147B in 492.138µs
2026/09/02 17:39:44 [pop-os/GW5lC2Ujwe-000044] "GET http://localhost:8080/api/v1/attendance/daily?page=1&limit=10&sort_order=DESC&date=2026-09-02 HTTP/1.1" from [::1]:58076 - 200 132B in 627.443µs
2026/09/02 17:39:44 [pop-os/GW5lC2Ujwe-000045] "GET http://localhost:8080/api/v1/attendance/punch-status HTTP/1.1" from [::1]:58088 - 200 147B in 161.89µs
2026/09/02 17:39:44 [pop-os/GW5lC2Ujwe-000046] "GET http://localhost:8080/api/v1/attendance/dashboard-metrics HTTP/1.1" from [::1]:58104 - 200 608B in 1.179157ms
2026/09/02 17:39:45 [pop-os/GW5lC2Ujwe-000047] "GET http://localhost:8080/api/v1/attendance/activities HTTP/1.1" from [::1]:58112 - 200 545B in 815.21µs
2026/09/02 17:39:45 [pop-os/GW5lC2Ujwe-000048] "GET http://localhost:8080/api/v1/attendance/monthly-summary HTTP/1.1" from [::1]:58116 - 200 10541B in 979.17µs
2026/09/02 17:39:46 [pop-os/GW5lC2Ujwe-000049] "GET http://localhost:8080/api/v1/attendance/validation-queue?validation_status=TO_VALIDATE HTTP/1.1" from [::1]:58120 - 200 132B in 1.571507ms
2026/09/02 17:39:52 [pop-os/GW5lC2Ujwe-000052] "GET http://localhost:8080/api/v1/workflow/notifications HTTP/1.1" from [::1]:58144 - 200 768B in 141.328µs
2026/09/02 17:39:52 [pop-os/GW5lC2Ujwe-000050] "GET http://localhost:8080/api/v1/attendance/punch-status HTTP/1.1" from [::1]:58134 - 200 147B in 310.988µs
2026/09/02 17:39:52 [pop-os/GW5lC2Ujwe-000051] "GET http://localhost:8080/api/v1/attendance/daily?page=1&limit=10&sort_order=DESC&date=2026-09-02 HTTP/1.1" from [::1]:58138 - 200 132B in 687.879µs
2026/09/02 17:39:52 [pop-os/GW5lC2Ujwe-000053] "GET http://localhost:8080/api/v1/attendance/punch-status HTTP/1.1" from [::1]:58160 - 200 147B in 257.148µs
2026/09/02 17:39:52 [pop-os/GW5lC2Ujwe-000054] "GET http://localhost:8080/api/v1/attendance/dashboard-metrics HTTP/1.1" from [::1]:58168 - 200 608B in 1.067311ms
